[
  {
    "userId": "userA",
    "ingestTimestamp": "2019-08-10 05:45:16.228 UTC",
    "record1": {
      "attribute1": {
        "a": "1",
        "b": "2",
      },
      "attribute2": "dat",
      "attribute3": "lot",
    },
  },
  {
    "userId": "userB",
    "ingestTimestamp": "2019-08-10 05:46:16.228 UTC",
    "record1": {
      "attribute1": {
        "a": "7",
        "b": "8",
      },
      "attribute2": "mvp",
      "attribute3": "ytrewq",
    },
  },
  {
    "userId": "userC",
    "ingestTimestamp": "2019-08-10 05:42:16.228 UTC",
    "record1": {
      "attribute1": {
        "a": "5",
        "b": "6",
      },
      "attribute2": "pvm",
      "attribute3": "qywter",
    },
  }
]